   1:7>E:\Delivery hub\DeliveryHubWeb\Views\Admin\Shippers.cshtml(143,6): error RZ1006: The if block is missing a closing "}" character.  Make sure you have a matching "}" character for all the "{" characters within this block, and that none of the "}" characters are being interpreted as markup. [E:\Delivery hub\DeliveryHubWeb\DeliveryHubWeb.csproj]
   1:7>E:\Delivery hub\DeliveryHubWeb\Views\Admin\Shippers.cshtml(170,7): error RZ1026: Encountered end tag "div" with no matching start tag.  Are your start/end tags properly balanced? [E:\Delivery hub\DeliveryHubWeb\DeliveryHubWeb.csproj]
   1:7>E:\Delivery hub\DeliveryHubWeb\Views\Admin\Shippers.cshtml(171,3): error RZ1026: Encountered end tag "div" with no matching start tag.  Are your start/end tags properly balanced? [E:\Delivery hub\DeliveryHubWeb\DeliveryHubWeb.csproj]
   1:7>E:\Delivery hub\DeliveryHubWeb\obj\Debug\net10.0\Microsoft.CodeAnalysis.Razor.Compiler\Microsoft.NET.Sdk.Razor.SourceGenerators.RazorSourceGenerator\Views_Admin_Shippers_cshtml.g.cs(816,60): error CS0116: A namespace cannot directly contain members such as fields, methods or statements [E:\Delivery hub\DeliveryHubWeb\DeliveryHubWeb.csproj]
   1:7>E:\Delivery hub\DeliveryHubWeb\obj\Debug\net10.0\Microsoft.CodeAnalysis.Razor.Compiler\Microsoft.NET.Sdk.Razor.SourceGenerators.RazorSourceGenerator\Views_Admin_Shippers_cshtml.g.cs(820,70): error CS0116: A namespace cannot directly contain members such as fields, methods or statements [E:\Delivery hub\DeliveryHubWeb\DeliveryHubWeb.csproj]
   1:7>E:\Delivery hub\DeliveryHubWeb\obj\Debug\net10.0\Microsoft.CodeAnalysis.Razor.Compiler\Microsoft.NET.Sdk.Razor.SourceGenerators.RazorSourceGenerator\Views_Admin_Shippers_cshtml.g.cs(824,71): error CS0116: A namespace cannot directly contain members such as fields, methods or statements [E:\Delivery hub\DeliveryHubWeb\DeliveryHubWeb.csproj]
   1:7>E:\Delivery hub\DeliveryHubWeb\obj\Debug\net10.0\Microsoft.CodeAnalysis.Razor.Compiler\Microsoft.NET.Sdk.Razor.SourceGenerators.RazorSourceGenerator\Views_Admin_Shippers_cshtml.g.cs(828,124): error CS0116: A namespace cannot directly contain members such as fields, methods or statements [E:\Delivery hub\DeliveryHubWeb\DeliveryHubWeb.csproj]
