  Determining projects to restore...
  All projects are up-to-date for restore.
E:\Delivery hub\DeliveryHubWeb\Models\Voucher.cs(16,23): warning CS8618: Non-nullable property 'Code' must contain a non-null value when exiting constructor. Consider adding the 'required' modifier or declaring the property as nullable. [E:\Delivery hub\DeliveryHubWeb\DeliveryHubWeb.csproj]
E:\Delivery hub\DeliveryHubWeb\Models\Voucher.cs(20,23): warning CS8618: Non-nullable property 'ProgramName' must contain a non-null value when exiting constructor. Consider adding the 'required' modifier or declaring the property as nullable. [E:\Delivery hub\DeliveryHubWeb\DeliveryHubWeb.csproj]
E:\Delivery hub\DeliveryHubWeb\Models\DeliveryService.cs(13,23): warning CS8618: Non-nullable property 'Name' must contain a non-null value when exiting constructor. Consider adding the 'required' modifier or declaring the property as nullable. [E:\Delivery hub\DeliveryHubWeb\DeliveryHubWeb.csproj]
E:\Delivery hub\DeliveryHubWeb\Models\DeliveryService.cs(16,23): warning CS8618: Non-nullable property 'Description' must contain a non-null value when exiting constructor. Consider adding the 'required' modifier or declaring the property as nullable. [E:\Delivery hub\DeliveryHubWeb\DeliveryHubWeb.csproj]
E:\Delivery hub\DeliveryHubWeb\Views\Admin\DashboardOrders.cshtml(176,156): warning CS8602: Dereference of a possibly null reference. [E:\Delivery hub\DeliveryHubWeb\DeliveryHubWeb.csproj]
E:\Delivery hub\DeliveryHubWeb\Views\Admin\Index.cshtml(55,34): warning CS8604: Possible null reference argument for parameter 'source' in 'Store? Enumerable.FirstOrDefault<Store>(IEnumerable<Store> source, Func<Store, bool> predicate)'. [E:\Delivery hub\DeliveryHubWeb\DeliveryHubWeb.csproj]
E:\Delivery hub\DeliveryHubWeb\Views\Admin\Index.cshtml(323,156): warning CS8602: Dereference of a possibly null reference. [E:\Delivery hub\DeliveryHubWeb\DeliveryHubWeb.csproj]
E:\Delivery hub\DeliveryHubWeb\Views\Shared\_AdminLayout.cshtml(112,102): warning CS8602: Dereference of a possibly null reference. [E:\Delivery hub\DeliveryHubWeb\DeliveryHubWeb.csproj]
E:\Delivery hub\DeliveryHubWeb\Views\Admin\Orders.cshtml(311,160): warning CS8602: Dereference of a possibly null reference. [E:\Delivery hub\DeliveryHubWeb\DeliveryHubWeb.csproj]
E:\Delivery hub\DeliveryHubWeb\Controllers\DashboardsController.cs(1823,69): warning CS8602: Dereference of a possibly null reference. [E:\Delivery hub\DeliveryHubWeb\DeliveryHubWeb.csproj]
E:\Delivery hub\DeliveryHubWeb\Views\Admin\StoreDetail.cshtml(159,49): warning CS8602: Dereference of a possibly null reference. [E:\Delivery hub\DeliveryHubWeb\DeliveryHubWeb.csproj]
E:\Delivery hub\DeliveryHubWeb\Views\Admin\StoreDetail.cshtml(160,47): warning CS8602: Dereference of a possibly null reference. [E:\Delivery hub\DeliveryHubWeb\DeliveryHubWeb.csproj]
E:\Delivery hub\DeliveryHubWeb\Data\DbInitializer.cs(126,68): warning CS8602: Dereference of a possibly null reference. [E:\Delivery hub\DeliveryHubWeb\DeliveryHubWeb.csproj]
E:\Delivery hub\DeliveryHubWeb\Controllers\DashboardsController.cs(2090,19): error CS0103: The name 'EnsureDatabaseSchemaAndNotifications' does not exist in the current context [E:\Delivery hub\DeliveryHubWeb\DeliveryHubWeb.csproj]
E:\Delivery hub\DeliveryHubWeb\Views\Partner\Index.cshtml(349,156): warning CS8602: Dereference of a possibly null reference. [E:\Delivery hub\DeliveryHubWeb\DeliveryHubWeb.csproj]
E:\Delivery hub\DeliveryHubWeb\Views\Partner\Index.cshtml(55,12): warning CS8321: The local function 'GetStatusColorCode' is declared but never used [E:\Delivery hub\DeliveryHubWeb\DeliveryHubWeb.csproj]
E:\Delivery hub\DeliveryHubWeb\Controllers\DashboardsController.cs(611,37): warning CS8620: Argument of type 'IIncludableQueryable<Review, ICollection<OrderItem>?>' cannot be used for parameter 'source' of type 'IIncludableQueryable<Review, IEnumerable<OrderItem>>' in 'IIncludableQueryable<Review, MenuItem?> EntityFrameworkQueryableExtensions.ThenInclude<Review, OrderItem, MenuItem?>(IIncludableQueryable<Review, IEnumerable<OrderItem>> source, Expression<Func<OrderItem, MenuItem?>> navigationPropertyPath)' due to differences in the nullability of reference types. [E:\Delivery hub\DeliveryHubWeb\DeliveryHubWeb.csproj]

Build FAILED.

E:\Delivery hub\DeliveryHubWeb\Models\Voucher.cs(16,23): warning CS8618: Non-nullable property 'Code' must contain a non-null value when exiting constructor. Consider adding the 'required' modifier or declaring the property as nullable. [E:\Delivery hub\DeliveryHubWeb\DeliveryHubWeb.csproj]
E:\Delivery hub\DeliveryHubWeb\Models\Voucher.cs(20,23): warning CS8618: Non-nullable property 'ProgramName' must contain a non-null value when exiting constructor. Consider adding the 'required' modifier or declaring the property as nullable. [E:\Delivery hub\DeliveryHubWeb\DeliveryHubWeb.csproj]
E:\Delivery hub\DeliveryHubWeb\Models\DeliveryService.cs(13,23): warning CS8618: Non-nullable property 'Name' must contain a non-null value when exiting constructor. Consider adding the 'required' modifier or declaring the property as nullable. [E:\Delivery hub\DeliveryHubWeb\DeliveryHubWeb.csproj]
E:\Delivery hub\DeliveryHubWeb\Models\DeliveryService.cs(16,23): warning CS8618: Non-nullable property 'Description' must contain a non-null value when exiting constructor. Consider adding the 'required' modifier or declaring the property as nullable. [E:\Delivery hub\DeliveryHubWeb\DeliveryHubWeb.csproj]
E:\Delivery hub\DeliveryHubWeb\Views\Admin\DashboardOrders.cshtml(176,156): warning CS8602: Dereference of a possibly null reference. [E:\Delivery hub\DeliveryHubWeb\DeliveryHubWeb.csproj]
E:\Delivery hub\DeliveryHubWeb\Views\Admin\Index.cshtml(55,34): warning CS8604: Possible null reference argument for parameter 'source' in 'Store? Enumerable.FirstOrDefault<Store>(IEnumerable<Store> source, Func<Store, bool> predicate)'. [E:\Delivery hub\DeliveryHubWeb\DeliveryHubWeb.csproj]
E:\Delivery hub\DeliveryHubWeb\Views\Admin\Index.cshtml(323,156): warning CS8602: Dereference of a possibly null reference. [E:\Delivery hub\DeliveryHubWeb\DeliveryHubWeb.csproj]
E:\Delivery hub\DeliveryHubWeb\Views\Shared\_AdminLayout.cshtml(112,102): warning CS8602: Dereference of a possibly null reference. [E:\Delivery hub\DeliveryHubWeb\DeliveryHubWeb.csproj]
E:\Delivery hub\DeliveryHubWeb\Views\Admin\Orders.cshtml(311,160): warning CS8602: Dereference of a possibly null reference. [E:\Delivery hub\DeliveryHubWeb\DeliveryHubWeb.csproj]
E:\Delivery hub\DeliveryHubWeb\Controllers\DashboardsController.cs(1823,69): warning CS8602: Dereference of a possibly null reference. [E:\Delivery hub\DeliveryHubWeb\DeliveryHubWeb.csproj]
E:\Delivery hub\DeliveryHubWeb\Views\Admin\StoreDetail.cshtml(159,49): warning CS8602: Dereference of a possibly null reference. [E:\Delivery hub\DeliveryHubWeb\DeliveryHubWeb.csproj]
E:\Delivery hub\DeliveryHubWeb\Views\Admin\StoreDetail.cshtml(160,47): warning CS8602: Dereference of a possibly null reference. [E:\Delivery hub\DeliveryHubWeb\DeliveryHubWeb.csproj]
E:\Delivery hub\DeliveryHubWeb\Data\DbInitializer.cs(126,68): warning CS8602: Dereference of a possibly null reference. [E:\Delivery hub\DeliveryHubWeb\DeliveryHubWeb.csproj]
E:\Delivery hub\DeliveryHubWeb\Views\Partner\Index.cshtml(349,156): warning CS8602: Dereference of a possibly null reference. [E:\Delivery hub\DeliveryHubWeb\DeliveryHubWeb.csproj]
E:\Delivery hub\DeliveryHubWeb\Views\Partner\Index.cshtml(55,12): warning CS8321: The local function 'GetStatusColorCode' is declared but never used [E:\Delivery hub\DeliveryHubWeb\DeliveryHubWeb.csproj]
E:\Delivery hub\DeliveryHubWeb\Controllers\DashboardsController.cs(611,37): warning CS8620: Argument of type 'IIncludableQueryable<Review, ICollection<OrderItem>?>' cannot be used for parameter 'source' of type 'IIncludableQueryable<Review, IEnumerable<OrderItem>>' in 'IIncludableQueryable<Review, MenuItem?> EntityFrameworkQueryableExtensions.ThenInclude<Review, OrderItem, MenuItem?>(IIncludableQueryable<Review, IEnumerable<OrderItem>> source, Expression<Func<OrderItem, MenuItem?>> navigationPropertyPath)' due to differences in the nullability of reference types. [E:\Delivery hub\DeliveryHubWeb\DeliveryHubWeb.csproj]
E:\Delivery hub\DeliveryHubWeb\Controllers\DashboardsController.cs(2090,19): error CS0103: The name 'EnsureDatabaseSchemaAndNotifications' does not exist in the current context [E:\Delivery hub\DeliveryHubWeb\DeliveryHubWeb.csproj]
    16 Warning(s)
    1 Error(s)

Time Elapsed 00:00:03.15
