  Determining projects to restore...
E:\Delivery hub\DeliveryHubWeb\DeliveryHubWeb.csproj : warning NU1510: PackageReference Microsoft.AspNetCore.SignalR will not be pruned. Consider removing this package from your dependencies, as it is likely unnecessary.
  All projects are up-to-date for restore.
C:\Program Files\dotnet\sdk\10.0.103\Microsoft.Common.CurrentVersion.targets(5937,5): warning MSB3061: Unable to delete file "E:\Delivery hub\DeliveryHubWeb\bin\Debug\net10.0\DeliveryHubWeb.exe". Access to the path 'E:\Delivery hub\DeliveryHubWeb\bin\Debug\net10.0\DeliveryHubWeb.exe' is denied. The file is locked by: "DeliveryHubWeb (21064)" [E:\Delivery hub\DeliveryHubWeb\DeliveryHubWeb.csproj]
C:\Program Files\dotnet\sdk\10.0.103\Microsoft.Common.CurrentVersion.targets(5937,5): warning MSB3061: Unable to delete file "E:\Delivery hub\DeliveryHubWeb\bin\Debug\net10.0\DeliveryHubWeb.dll". Access to the path 'E:\Delivery hub\DeliveryHubWeb\bin\Debug\net10.0\DeliveryHubWeb.dll' is denied. The file is locked by: "DeliveryHubWeb (21064)" [E:\Delivery hub\DeliveryHubWeb\DeliveryHubWeb.csproj]
C:\Program Files\dotnet\sdk\10.0.103\Microsoft.Common.CurrentVersion.targets(5937,5): warning MSB3061: Unable to delete file "E:\Delivery hub\DeliveryHubWeb\bin\Debug\net10.0\Microsoft.AspNetCore.Identity.EntityFrameworkCore.dll". Access to the path 'E:\Delivery hub\DeliveryHubWeb\bin\Debug\net10.0\Microsoft.AspNetCore.Identity.EntityFrameworkCore.dll' is denied. The file is locked by: "DeliveryHubWeb (21064)" [E:\Delivery hub\DeliveryHubWeb\DeliveryHubWeb.csproj]
C:\Program Files\dotnet\sdk\10.0.103\Microsoft.Common.CurrentVersion.targets(5937,5): warning MSB3061: Unable to delete file "E:\Delivery hub\DeliveryHubWeb\bin\Debug\net10.0\Microsoft.AspNetCore.Identity.UI.dll". Access to the path 'E:\Delivery hub\DeliveryHubWeb\bin\Debug\net10.0\Microsoft.AspNetCore.Identity.UI.dll' is denied. The file is locked by: "DeliveryHubWeb (21064)" [E:\Delivery hub\DeliveryHubWeb\DeliveryHubWeb.csproj]
C:\Program Files\dotnet\sdk\10.0.103\Microsoft.Common.CurrentVersion.targets(5937,5): warning MSB3061: Unable to delete file "E:\Delivery hub\DeliveryHubWeb\bin\Debug\net10.0\Microsoft.EntityFrameworkCore.dll". Access to the path 'E:\Delivery hub\DeliveryHubWeb\bin\Debug\net10.0\Microsoft.EntityFrameworkCore.dll' is denied. The file is locked by: "DeliveryHubWeb (21064)" [E:\Delivery hub\DeliveryHubWeb\DeliveryHubWeb.csproj]
C:\Program Files\dotnet\sdk\10.0.103\Microsoft.Common.CurrentVersion.targets(5937,5): warning MSB3061: Unable to delete file "E:\Delivery hub\DeliveryHubWeb\bin\Debug\net10.0\Microsoft.EntityFrameworkCore.Abstractions.dll". Access to the path 'E:\Delivery hub\DeliveryHubWeb\bin\Debug\net10.0\Microsoft.EntityFrameworkCore.Abstractions.dll' is denied. The file is locked by: "DeliveryHubWeb (21064)" [E:\Delivery hub\DeliveryHubWeb\DeliveryHubWeb.csproj]
C:\Program Files\dotnet\sdk\10.0.103\Microsoft.Common.CurrentVersion.targets(5937,5): warning MSB3061: Unable to delete file "E:\Delivery hub\DeliveryHubWeb\bin\Debug\net10.0\Microsoft.EntityFrameworkCore.Relational.dll". Access to the path 'E:\Delivery hub\DeliveryHubWeb\bin\Debug\net10.0\Microsoft.EntityFrameworkCore.Relational.dll' is denied. The file is locked by: "DeliveryHubWeb (21064)" [E:\Delivery hub\DeliveryHubWeb\DeliveryHubWeb.csproj]
C:\Program Files\dotnet\sdk\10.0.103\Microsoft.Common.CurrentVersion.targets(5937,5): warning MSB3061: Unable to delete file "E:\Delivery hub\DeliveryHubWeb\bin\Debug\net10.0\Microsoft.EntityFrameworkCore.SqlServer.dll". Access to the path 'E:\Delivery hub\DeliveryHubWeb\bin\Debug\net10.0\Microsoft.EntityFrameworkCore.SqlServer.dll' is denied. The file is locked by: "DeliveryHubWeb (21064)" [E:\Delivery hub\DeliveryHubWeb\DeliveryHubWeb.csproj]
C:\Program Files\dotnet\sdk\10.0.103\Microsoft.Common.CurrentVersion.targets(5937,5): warning MSB3061: Unable to delete file "E:\Delivery hub\DeliveryHubWeb\bin\Debug\net10.0\Microsoft.SqlServer.Server.dll". Access to the path 'E:\Delivery hub\DeliveryHubWeb\bin\Debug\net10.0\Microsoft.SqlServer.Server.dll' is denied. The file is locked by: "DeliveryHubWeb (21064)" [E:\Delivery hub\DeliveryHubWeb\DeliveryHubWeb.csproj]
C:\Program Files\dotnet\sdk\10.0.103\Microsoft.Common.CurrentVersion.targets(5937,5): warning MSB3061: Unable to delete file "E:\Delivery hub\DeliveryHubWeb\bin\Debug\net10.0\System.Configuration.ConfigurationManager.dll". Access to the path 'E:\Delivery hub\DeliveryHubWeb\bin\Debug\net10.0\System.Configuration.ConfigurationManager.dll' is denied. The file is locked by: "DeliveryHubWeb (21064)" [E:\Delivery hub\DeliveryHubWeb\DeliveryHubWeb.csproj]
C:\Program Files\dotnet\sdk\10.0.103\Microsoft.Common.CurrentVersion.targets(5937,5): warning MSB3061: Unable to delete file "E:\Delivery hub\DeliveryHubWeb\bin\Debug\net10.0\runtimes\win\lib\net9.0\Microsoft.Data.SqlClient.dll". Access to the path 'E:\Delivery hub\DeliveryHubWeb\bin\Debug\net10.0\runtimes\win\lib\net9.0\Microsoft.Data.SqlClient.dll' is denied. The file is locked by: "DeliveryHubWeb (21064)" [E:\Delivery hub\DeliveryHubWeb\DeliveryHubWeb.csproj]
C:\Program Files\dotnet\sdk\10.0.103\Microsoft.Common.CurrentVersion.targets(5937,5): warning MSB3061: Unable to delete file "E:\Delivery hub\DeliveryHubWeb\bin\Debug\net10.0\runtimes\win-x64\native\Microsoft.Data.SqlClient.SNI.dll". Access to the path 'E:\Delivery hub\DeliveryHubWeb\bin\Debug\net10.0\runtimes\win-x64\native\Microsoft.Data.SqlClient.SNI.dll' is denied. The file is locked by: "DeliveryHubWeb (21064)" [E:\Delivery hub\DeliveryHubWeb\DeliveryHubWeb.csproj]
E:\Delivery hub\DeliveryHubWeb\DeliveryHubWeb.csproj : warning NU1510: PackageReference Microsoft.AspNetCore.SignalR will not be pruned. Consider removing this package from your dependencies, as it is likely unnecessary.
E:\Delivery hub\DeliveryHubWeb\Views\Admin\StoreDetail.cshtml(150,49): warning CS8602: Dereference of a possibly null reference. [E:\Delivery hub\DeliveryHubWeb\DeliveryHubWeb.csproj]
E:\Delivery hub\DeliveryHubWeb\Views\Admin\StoreDetail.cshtml(151,47): warning CS8602: Dereference of a possibly null reference. [E:\Delivery hub\DeliveryHubWeb\DeliveryHubWeb.csproj]
E:\Delivery hub\DeliveryHubWeb\Views\Admin\Orders.cshtml(299,160): warning CS8602: Dereference of a possibly null reference. [E:\Delivery hub\DeliveryHubWeb\DeliveryHubWeb.csproj]
E:\Delivery hub\DeliveryHubWeb\Data\DbInitializer.cs(60,68): warning CS8602: Dereference of a possibly null reference. [E:\Delivery hub\DeliveryHubWeb\DeliveryHubWeb.csproj]
E:\Delivery hub\DeliveryHubWeb\Controllers\DashboardsController.cs(265,35): warning CS8602: Dereference of a possibly null reference. [E:\Delivery hub\DeliveryHubWeb\DeliveryHubWeb.csproj]
E:\Delivery hub\DeliveryHubWeb\Controllers\DashboardsController.cs(341,57): warning CS8602: Dereference of a possibly null reference. [E:\Delivery hub\DeliveryHubWeb\DeliveryHubWeb.csproj]
C:\Program Files\dotnet\sdk\10.0.103\Microsoft.Common.CurrentVersion.targets(5381,5): warning MSB3026: Could not copy "E:\Delivery hub\DeliveryHubWeb\obj\Debug\net10.0\apphost.exe" to "bin\Debug\net10.0\DeliveryHubWeb.exe". Beginning retry 1 in 1000ms. The process cannot access the file 'E:\Delivery hub\DeliveryHubWeb\bin\Debug\net10.0\DeliveryHubWeb.exe' because it is being used by another process. The file is locked by: "DeliveryHubWeb (21064)" [E:\Delivery hub\DeliveryHubWeb\DeliveryHubWeb.csproj]
C:\Program Files\dotnet\sdk\10.0.103\Microsoft.Common.CurrentVersion.targets(5381,5): warning MSB3026: Could not copy "E:\Delivery hub\DeliveryHubWeb\obj\Debug\net10.0\apphost.exe" to "bin\Debug\net10.0\DeliveryHubWeb.exe". Beginning retry 2 in 1000ms. The process cannot access the file 'E:\Delivery hub\DeliveryHubWeb\bin\Debug\net10.0\DeliveryHubWeb.exe' because it is being used by another process. The file is locked by: "DeliveryHubWeb (21064)" [E:\Delivery hub\DeliveryHubWeb\DeliveryHubWeb.csproj]
C:\Program Files\dotnet\sdk\10.0.103\Microsoft.Common.CurrentVersion.targets(5381,5): warning MSB3026: Could not copy "E:\Delivery hub\DeliveryHubWeb\obj\Debug\net10.0\apphost.exe" to "bin\Debug\net10.0\DeliveryHubWeb.exe". Beginning retry 3 in 1000ms. The process cannot access the file 'E:\Delivery hub\DeliveryHubWeb\bin\Debug\net10.0\DeliveryHubWeb.exe' because it is being used by another process. The file is locked by: "DeliveryHubWeb (21064)" [E:\Delivery hub\DeliveryHubWeb\DeliveryHubWeb.csproj]
C:\Program Files\dotnet\sdk\10.0.103\Microsoft.Common.CurrentVersion.targets(5381,5): warning MSB3026: Could not copy "E:\Delivery hub\DeliveryHubWeb\obj\Debug\net10.0\apphost.exe" to "bin\Debug\net10.0\DeliveryHubWeb.exe". Beginning retry 4 in 1000ms. The process cannot access the file 'E:\Delivery hub\DeliveryHubWeb\bin\Debug\net10.0\DeliveryHubWeb.exe' because it is being used by another process. The file is locked by: "DeliveryHubWeb (21064)" [E:\Delivery hub\DeliveryHubWeb\DeliveryHubWeb.csproj]
C:\Program Files\dotnet\sdk\10.0.103\Microsoft.Common.CurrentVersion.targets(5381,5): warning MSB3026: Could not copy "E:\Delivery hub\DeliveryHubWeb\obj\Debug\net10.0\apphost.exe" to "bin\Debug\net10.0\DeliveryHubWeb.exe". Beginning retry 5 in 1000ms. The process cannot access the file 'E:\Delivery hub\DeliveryHubWeb\bin\Debug\net10.0\DeliveryHubWeb.exe' because it is being used by another process. The file is locked by: "DeliveryHubWeb (21064)" [E:\Delivery hub\DeliveryHubWeb\DeliveryHubWeb.csproj]
C:\Program Files\dotnet\sdk\10.0.103\Microsoft.Common.CurrentVersion.targets(5381,5): warning MSB3026: Could not copy "E:\Delivery hub\DeliveryHubWeb\obj\Debug\net10.0\apphost.exe" to "bin\Debug\net10.0\DeliveryHubWeb.exe". Beginning retry 6 in 1000ms. The process cannot access the file 'E:\Delivery hub\DeliveryHubWeb\bin\Debug\net10.0\DeliveryHubWeb.exe' because it is being used by another process. The file is locked by: "DeliveryHubWeb (21064)" [E:\Delivery hub\DeliveryHubWeb\DeliveryHubWeb.csproj]
C:\Program Files\dotnet\sdk\10.0.103\Microsoft.Common.CurrentVersion.targets(5381,5): warning MSB3026: Could not copy "E:\Delivery hub\DeliveryHubWeb\obj\Debug\net10.0\apphost.exe" to "bin\Debug\net10.0\DeliveryHubWeb.exe". Beginning retry 7 in 1000ms. The process cannot access the file 'E:\Delivery hub\DeliveryHubWeb\bin\Debug\net10.0\DeliveryHubWeb.exe' because it is being used by another process. The file is locked by: "DeliveryHubWeb (21064)" [E:\Delivery hub\DeliveryHubWeb\DeliveryHubWeb.csproj]
C:\Program Files\dotnet\sdk\10.0.103\Microsoft.Common.CurrentVersion.targets(5381,5): warning MSB3026: Could not copy "E:\Delivery hub\DeliveryHubWeb\obj\Debug\net10.0\apphost.exe" to "bin\Debug\net10.0\DeliveryHubWeb.exe". Beginning retry 8 in 1000ms. The process cannot access the file 'E:\Delivery hub\DeliveryHubWeb\bin\Debug\net10.0\DeliveryHubWeb.exe' because it is being used by another process. The file is locked by: "DeliveryHubWeb (21064)" [E:\Delivery hub\DeliveryHubWeb\DeliveryHubWeb.csproj]
C:\Program Files\dotnet\sdk\10.0.103\Microsoft.Common.CurrentVersion.targets(5381,5): warning MSB3026: Could not copy "E:\Delivery hub\DeliveryHubWeb\obj\Debug\net10.0\apphost.exe" to "bin\Debug\net10.0\DeliveryHubWeb.exe". Beginning retry 9 in 1000ms. The process cannot access the file 'E:\Delivery hub\DeliveryHubWeb\bin\Debug\net10.0\DeliveryHubWeb.exe' because it is being used by another process. The file is locked by: "DeliveryHubWeb (21064)" [E:\Delivery hub\DeliveryHubWeb\DeliveryHubWeb.csproj]
C:\Program Files\dotnet\sdk\10.0.103\Microsoft.Common.CurrentVersion.targets(5381,5): warning MSB3026: Could not copy "E:\Delivery hub\DeliveryHubWeb\obj\Debug\net10.0\apphost.exe" to "bin\Debug\net10.0\DeliveryHubWeb.exe". Beginning retry 10 in 1000ms. The process cannot access the file 'E:\Delivery hub\DeliveryHubWeb\bin\Debug\net10.0\DeliveryHubWeb.exe' because it is being used by another process. The file is locked by: "DeliveryHubWeb (21064)" [E:\Delivery hub\DeliveryHubWeb\DeliveryHubWeb.csproj]
C:\Program Files\dotnet\sdk\10.0.103\Microsoft.Common.CurrentVersion.targets(5381,5): error MSB3027: Could not copy "E:\Delivery hub\DeliveryHubWeb\obj\Debug\net10.0\apphost.exe" to "bin\Debug\net10.0\DeliveryHubWeb.exe". Exceeded retry count of 10. Failed. The file is locked by: "DeliveryHubWeb (21064)" [E:\Delivery hub\DeliveryHubWeb\DeliveryHubWeb.csproj]
C:\Program Files\dotnet\sdk\10.0.103\Microsoft.Common.CurrentVersion.targets(5381,5): error MSB3021: Unable to copy file "E:\Delivery hub\DeliveryHubWeb\obj\Debug\net10.0\apphost.exe" to "bin\Debug\net10.0\DeliveryHubWeb.exe". The process cannot access the file 'E:\Delivery hub\DeliveryHubWeb\bin\Debug\net10.0\DeliveryHubWeb.exe' because it is being used by another process. [E:\Delivery hub\DeliveryHubWeb\DeliveryHubWeb.csproj]

Build FAILED.

E:\Delivery hub\DeliveryHubWeb\DeliveryHubWeb.csproj : warning NU1510: PackageReference Microsoft.AspNetCore.SignalR will not be pruned. Consider removing this package from your dependencies, as it is likely unnecessary.
C:\Program Files\dotnet\sdk\10.0.103\Microsoft.Common.CurrentVersion.targets(5937,5): warning MSB3061: Unable to delete file "E:\Delivery hub\DeliveryHubWeb\bin\Debug\net10.0\DeliveryHubWeb.exe". Access to the path 'E:\Delivery hub\DeliveryHubWeb\bin\Debug\net10.0\DeliveryHubWeb.exe' is denied. The file is locked by: "DeliveryHubWeb (21064)" [E:\Delivery hub\DeliveryHubWeb\DeliveryHubWeb.csproj]
C:\Program Files\dotnet\sdk\10.0.103\Microsoft.Common.CurrentVersion.targets(5937,5): warning MSB3061: Unable to delete file "E:\Delivery hub\DeliveryHubWeb\bin\Debug\net10.0\DeliveryHubWeb.dll". Access to the path 'E:\Delivery hub\DeliveryHubWeb\bin\Debug\net10.0\DeliveryHubWeb.dll' is denied. The file is locked by: "DeliveryHubWeb (21064)" [E:\Delivery hub\DeliveryHubWeb\DeliveryHubWeb.csproj]
C:\Program Files\dotnet\sdk\10.0.103\Microsoft.Common.CurrentVersion.targets(5937,5): warning MSB3061: Unable to delete file "E:\Delivery hub\DeliveryHubWeb\bin\Debug\net10.0\Microsoft.AspNetCore.Identity.EntityFrameworkCore.dll". Access to the path 'E:\Delivery hub\DeliveryHubWeb\bin\Debug\net10.0\Microsoft.AspNetCore.Identity.EntityFrameworkCore.dll' is denied. The file is locked by: "DeliveryHubWeb (21064)" [E:\Delivery hub\DeliveryHubWeb\DeliveryHubWeb.csproj]
C:\Program Files\dotnet\sdk\10.0.103\Microsoft.Common.CurrentVersion.targets(5937,5): warning MSB3061: Unable to delete file "E:\Delivery hub\DeliveryHubWeb\bin\Debug\net10.0\Microsoft.AspNetCore.Identity.UI.dll". Access to the path 'E:\Delivery hub\DeliveryHubWeb\bin\Debug\net10.0\Microsoft.AspNetCore.Identity.UI.dll' is denied. The file is locked by: "DeliveryHubWeb (21064)" [E:\Delivery hub\DeliveryHubWeb\DeliveryHubWeb.csproj]
C:\Program Files\dotnet\sdk\10.0.103\Microsoft.Common.CurrentVersion.targets(5937,5): warning MSB3061: Unable to delete file "E:\Delivery hub\DeliveryHubWeb\bin\Debug\net10.0\Microsoft.EntityFrameworkCore.dll". Access to the path 'E:\Delivery hub\DeliveryHubWeb\bin\Debug\net10.0\Microsoft.EntityFrameworkCore.dll' is denied. The file is locked by: "DeliveryHubWeb (21064)" [E:\Delivery hub\DeliveryHubWeb\DeliveryHubWeb.csproj]
C:\Program Files\dotnet\sdk\10.0.103\Microsoft.Common.CurrentVersion.targets(5937,5): warning MSB3061: Unable to delete file "E:\Delivery hub\DeliveryHubWeb\bin\Debug\net10.0\Microsoft.EntityFrameworkCore.Abstractions.dll". Access to the path 'E:\Delivery hub\DeliveryHubWeb\bin\Debug\net10.0\Microsoft.EntityFrameworkCore.Abstractions.dll' is denied. The file is locked by: "DeliveryHubWeb (21064)" [E:\Delivery hub\DeliveryHubWeb\DeliveryHubWeb.csproj]
C:\Program Files\dotnet\sdk\10.0.103\Microsoft.Common.CurrentVersion.targets(5937,5): warning MSB3061: Unable to delete file "E:\Delivery hub\DeliveryHubWeb\bin\Debug\net10.0\Microsoft.EntityFrameworkCore.Relational.dll". Access to the path 'E:\Delivery hub\DeliveryHubWeb\bin\Debug\net10.0\Microsoft.EntityFrameworkCore.Relational.dll' is denied. The file is locked by: "DeliveryHubWeb (21064)" [E:\Delivery hub\DeliveryHubWeb\DeliveryHubWeb.csproj]
C:\Program Files\dotnet\sdk\10.0.103\Microsoft.Common.CurrentVersion.targets(5937,5): warning MSB3061: Unable to delete file "E:\Delivery hub\DeliveryHubWeb\bin\Debug\net10.0\Microsoft.EntityFrameworkCore.SqlServer.dll". Access to the path 'E:\Delivery hub\DeliveryHubWeb\bin\Debug\net10.0\Microsoft.EntityFrameworkCore.SqlServer.dll' is denied. The file is locked by: "DeliveryHubWeb (21064)" [E:\Delivery hub\DeliveryHubWeb\DeliveryHubWeb.csproj]
C:\Program Files\dotnet\sdk\10.0.103\Microsoft.Common.CurrentVersion.targets(5937,5): warning MSB3061: Unable to delete file "E:\Delivery hub\DeliveryHubWeb\bin\Debug\net10.0\Microsoft.SqlServer.Server.dll". Access to the path 'E:\Delivery hub\DeliveryHubWeb\bin\Debug\net10.0\Microsoft.SqlServer.Server.dll' is denied. The file is locked by: "DeliveryHubWeb (21064)" [E:\Delivery hub\DeliveryHubWeb\DeliveryHubWeb.csproj]
C:\Program Files\dotnet\sdk\10.0.103\Microsoft.Common.CurrentVersion.targets(5937,5): warning MSB3061: Unable to delete file "E:\Delivery hub\DeliveryHubWeb\bin\Debug\net10.0\System.Configuration.ConfigurationManager.dll". Access to the path 'E:\Delivery hub\DeliveryHubWeb\bin\Debug\net10.0\System.Configuration.ConfigurationManager.dll' is denied. The file is locked by: "DeliveryHubWeb (21064)" [E:\Delivery hub\DeliveryHubWeb\DeliveryHubWeb.csproj]
C:\Program Files\dotnet\sdk\10.0.103\Microsoft.Common.CurrentVersion.targets(5937,5): warning MSB3061: Unable to delete file "E:\Delivery hub\DeliveryHubWeb\bin\Debug\net10.0\runtimes\win\lib\net9.0\Microsoft.Data.SqlClient.dll". Access to the path 'E:\Delivery hub\DeliveryHubWeb\bin\Debug\net10.0\runtimes\win\lib\net9.0\Microsoft.Data.SqlClient.dll' is denied. The file is locked by: "DeliveryHubWeb (21064)" [E:\Delivery hub\DeliveryHubWeb\DeliveryHubWeb.csproj]
C:\Program Files\dotnet\sdk\10.0.103\Microsoft.Common.CurrentVersion.targets(5937,5): warning MSB3061: Unable to delete file "E:\Delivery hub\DeliveryHubWeb\bin\Debug\net10.0\runtimes\win-x64\native\Microsoft.Data.SqlClient.SNI.dll". Access to the path 'E:\Delivery hub\DeliveryHubWeb\bin\Debug\net10.0\runtimes\win-x64\native\Microsoft.Data.SqlClient.SNI.dll' is denied. The file is locked by: "DeliveryHubWeb (21064)" [E:\Delivery hub\DeliveryHubWeb\DeliveryHubWeb.csproj]
E:\Delivery hub\DeliveryHubWeb\DeliveryHubWeb.csproj : warning NU1510: PackageReference Microsoft.AspNetCore.SignalR will not be pruned. Consider removing this package from your dependencies, as it is likely unnecessary.
E:\Delivery hub\DeliveryHubWeb\Views\Admin\StoreDetail.cshtml(150,49): warning CS8602: Dereference of a possibly null reference. [E:\Delivery hub\DeliveryHubWeb\DeliveryHubWeb.csproj]
E:\Delivery hub\DeliveryHubWeb\Views\Admin\StoreDetail.cshtml(151,47): warning CS8602: Dereference of a possibly null reference. [E:\Delivery hub\DeliveryHubWeb\DeliveryHubWeb.csproj]
E:\Delivery hub\DeliveryHubWeb\Views\Admin\Orders.cshtml(299,160): warning CS8602: Dereference of a possibly null reference. [E:\Delivery hub\DeliveryHubWeb\DeliveryHubWeb.csproj]
E:\Delivery hub\DeliveryHubWeb\Data\DbInitializer.cs(60,68): warning CS8602: Dereference of a possibly null reference. [E:\Delivery hub\DeliveryHubWeb\DeliveryHubWeb.csproj]
E:\Delivery hub\DeliveryHubWeb\Controllers\DashboardsController.cs(265,35): warning CS8602: Dereference of a possibly null reference. [E:\Delivery hub\DeliveryHubWeb\DeliveryHubWeb.csproj]
E:\Delivery hub\DeliveryHubWeb\Controllers\DashboardsController.cs(341,57): warning CS8602: Dereference of a possibly null reference. [E:\Delivery hub\DeliveryHubWeb\DeliveryHubWeb.csproj]
C:\Program Files\dotnet\sdk\10.0.103\Microsoft.Common.CurrentVersion.targets(5381,5): warning MSB3026: Could not copy "E:\Delivery hub\DeliveryHubWeb\obj\Debug\net10.0\apphost.exe" to "bin\Debug\net10.0\DeliveryHubWeb.exe". Beginning retry 1 in 1000ms. The process cannot access the file 'E:\Delivery hub\DeliveryHubWeb\bin\Debug\net10.0\DeliveryHubWeb.exe' because it is being used by another process. The file is locked by: "DeliveryHubWeb (21064)" [E:\Delivery hub\DeliveryHubWeb\DeliveryHubWeb.csproj]
C:\Program Files\dotnet\sdk\10.0.103\Microsoft.Common.CurrentVersion.targets(5381,5): warning MSB3026: Could not copy "E:\Delivery hub\DeliveryHubWeb\obj\Debug\net10.0\apphost.exe" to "bin\Debug\net10.0\DeliveryHubWeb.exe". Beginning retry 2 in 1000ms. The process cannot access the file 'E:\Delivery hub\DeliveryHubWeb\bin\Debug\net10.0\DeliveryHubWeb.exe' because it is being used by another process. The file is locked by: "DeliveryHubWeb (21064)" [E:\Delivery hub\DeliveryHubWeb\DeliveryHubWeb.csproj]
C:\Program Files\dotnet\sdk\10.0.103\Microsoft.Common.CurrentVersion.targets(5381,5): warning MSB3026: Could not copy "E:\Delivery hub\DeliveryHubWeb\obj\Debug\net10.0\apphost.exe" to "bin\Debug\net10.0\DeliveryHubWeb.exe". Beginning retry 3 in 1000ms. The process cannot access the file 'E:\Delivery hub\DeliveryHubWeb\bin\Debug\net10.0\DeliveryHubWeb.exe' because it is being used by another process. The file is locked by: "DeliveryHubWeb (21064)" [E:\Delivery hub\DeliveryHubWeb\DeliveryHubWeb.csproj]
C:\Program Files\dotnet\sdk\10.0.103\Microsoft.Common.CurrentVersion.targets(5381,5): warning MSB3026: Could not copy "E:\Delivery hub\DeliveryHubWeb\obj\Debug\net10.0\apphost.exe" to "bin\Debug\net10.0\DeliveryHubWeb.exe". Beginning retry 4 in 1000ms. The process cannot access the file 'E:\Delivery hub\DeliveryHubWeb\bin\Debug\net10.0\DeliveryHubWeb.exe' because it is being used by another process. The file is locked by: "DeliveryHubWeb (21064)" [E:\Delivery hub\DeliveryHubWeb\DeliveryHubWeb.csproj]
C:\Program Files\dotnet\sdk\10.0.103\Microsoft.Common.CurrentVersion.targets(5381,5): warning MSB3026: Could not copy "E:\Delivery hub\DeliveryHubWeb\obj\Debug\net10.0\apphost.exe" to "bin\Debug\net10.0\DeliveryHubWeb.exe". Beginning retry 5 in 1000ms. The process cannot access the file 'E:\Delivery hub\DeliveryHubWeb\bin\Debug\net10.0\DeliveryHubWeb.exe' because it is being used by another process. The file is locked by: "DeliveryHubWeb (21064)" [E:\Delivery hub\DeliveryHubWeb\DeliveryHubWeb.csproj]
C:\Program Files\dotnet\sdk\10.0.103\Microsoft.Common.CurrentVersion.targets(5381,5): warning MSB3026: Could not copy "E:\Delivery hub\DeliveryHubWeb\obj\Debug\net10.0\apphost.exe" to "bin\Debug\net10.0\DeliveryHubWeb.exe". Beginning retry 6 in 1000ms. The process cannot access the file 'E:\Delivery hub\DeliveryHubWeb\bin\Debug\net10.0\DeliveryHubWeb.exe' because it is being used by another process. The file is locked by: "DeliveryHubWeb (21064)" [E:\Delivery hub\DeliveryHubWeb\DeliveryHubWeb.csproj]
C:\Program Files\dotnet\sdk\10.0.103\Microsoft.Common.CurrentVersion.targets(5381,5): warning MSB3026: Could not copy "E:\Delivery hub\DeliveryHubWeb\obj\Debug\net10.0\apphost.exe" to "bin\Debug\net10.0\DeliveryHubWeb.exe". Beginning retry 7 in 1000ms. The process cannot access the file 'E:\Delivery hub\DeliveryHubWeb\bin\Debug\net10.0\DeliveryHubWeb.exe' because it is being used by another process. The file is locked by: "DeliveryHubWeb (21064)" [E:\Delivery hub\DeliveryHubWeb\DeliveryHubWeb.csproj]
C:\Program Files\dotnet\sdk\10.0.103\Microsoft.Common.CurrentVersion.targets(5381,5): warning MSB3026: Could not copy "E:\Delivery hub\DeliveryHubWeb\obj\Debug\net10.0\apphost.exe" to "bin\Debug\net10.0\DeliveryHubWeb.exe". Beginning retry 8 in 1000ms. The process cannot access the file 'E:\Delivery hub\DeliveryHubWeb\bin\Debug\net10.0\DeliveryHubWeb.exe' because it is being used by another process. The file is locked by: "DeliveryHubWeb (21064)" [E:\Delivery hub\DeliveryHubWeb\DeliveryHubWeb.csproj]
C:\Program Files\dotnet\sdk\10.0.103\Microsoft.Common.CurrentVersion.targets(5381,5): warning MSB3026: Could not copy "E:\Delivery hub\DeliveryHubWeb\obj\Debug\net10.0\apphost.exe" to "bin\Debug\net10.0\DeliveryHubWeb.exe". Beginning retry 9 in 1000ms. The process cannot access the file 'E:\Delivery hub\DeliveryHubWeb\bin\Debug\net10.0\DeliveryHubWeb.exe' because it is being used by another process. The file is locked by: "DeliveryHubWeb (21064)" [E:\Delivery hub\DeliveryHubWeb\DeliveryHubWeb.csproj]
C:\Program Files\dotnet\sdk\10.0.103\Microsoft.Common.CurrentVersion.targets(5381,5): warning MSB3026: Could not copy "E:\Delivery hub\DeliveryHubWeb\obj\Debug\net10.0\apphost.exe" to "bin\Debug\net10.0\DeliveryHubWeb.exe". Beginning retry 10 in 1000ms. The process cannot access the file 'E:\Delivery hub\DeliveryHubWeb\bin\Debug\net10.0\DeliveryHubWeb.exe' because it is being used by another process. The file is locked by: "DeliveryHubWeb (21064)" [E:\Delivery hub\DeliveryHubWeb\DeliveryHubWeb.csproj]
C:\Program Files\dotnet\sdk\10.0.103\Microsoft.Common.CurrentVersion.targets(5381,5): error MSB3027: Could not copy "E:\Delivery hub\DeliveryHubWeb\obj\Debug\net10.0\apphost.exe" to "bin\Debug\net10.0\DeliveryHubWeb.exe". Exceeded retry count of 10. Failed. The file is locked by: "DeliveryHubWeb (21064)" [E:\Delivery hub\DeliveryHubWeb\DeliveryHubWeb.csproj]
C:\Program Files\dotnet\sdk\10.0.103\Microsoft.Common.CurrentVersion.targets(5381,5): error MSB3021: Unable to copy file "E:\Delivery hub\DeliveryHubWeb\obj\Debug\net10.0\apphost.exe" to "bin\Debug\net10.0\DeliveryHubWeb.exe". The process cannot access the file 'E:\Delivery hub\DeliveryHubWeb\bin\Debug\net10.0\DeliveryHubWeb.exe' because it is being used by another process. [E:\Delivery hub\DeliveryHubWeb\DeliveryHubWeb.csproj]
    30 Warning(s)
    2 Error(s)

Time Elapsed 00:00:14.93
